// Jest Snapshot v1, https://goo.gl/fbAQLP

exports[`ActorCard to match snapshot should match the snapshot 1`] = `"<div class=\\"actor-container\\"><img class=\\"actor-img\\" src=\\"https://image.tmdb.org/t/p/w500/path\\" alt=\\"Poster\\"/><div class=\\"actor-name-container\\"><div class=\\"actor-character\\">character</div><div class=\\"actor-name\\">name</div></div></div>"`;
