// Jest Snapshot v1, https://goo.gl/fbAQLP

exports[`MovieDetail to match snapshot should match the snapshot 1`] = `"<div class=\\"movie-detail-container-center\\"><div class=\\"movie-detail-container\\"><div class=\\"movie-detail-info-container\\"><img class=\\"movie-detail-img\\" src=\\"https://image.tmdb.org/t/p/w500/undefined\\" alt=\\"Poster\\"/><div class=\\"movie-detail-info\\"><div class=\\"movie-detail-header\\"><p class=\\"movie-detail-title bold\\">title</p><div class=\\"movie-date-genres\\"><p>Released: </p><p>Genres: </p></div><p class=\\"bold\\">Rating</p><p>5 / 10</p><p class=\\"bold\\">Overview</p><p>overview</p></div><div class=\\"buy-button\\">Purchase Ticket</div></div></div><div class=\\"movie-detail-actors\\"><div class=\\"actors-title\\">Actors</div></div></div></div>"`;
