// Jest Snapshot v1, https://goo.gl/fbAQLP

exports[`Home to match snapshot should match the snapshot 1`] = `"<div class=\\"App\\"><div class=\\"picker\\"><select><option selected=\\"\\" value=\\"toprated\\">Top Rated</option><option value=\\"popular\\">Popular</option></select></div><div class=\\"App-container\\"></div></div>"`;
